// Jest Snapshot v1, https://goo.gl/fbAQLP

exports[`Index should match snapshot 1`] = `
<div>
  <titlebar-stub></titlebar-stub>
  <scrolling-text-stub></scrolling-text-stub>
  <div class="row">
    <card-stub>
      <div class="card-header">Skills</div>
      <div class="card-body">Lorem ipsum dolor sit amet, consectetur adipiscing elit, sed do eiusmod tempor incididunt ut labore et dolore magna aliqua.</div>
    </card-stub>
    <card-stub>
      <div class="card-header">Experience</div>
      <div class="card-body">Lorem ipsum dolor sit amet, consectetur adipiscing elit, sed do eiusmod tempor incididunt ut labore et dolore magna aliqua.</div>
    </card-stub>
    <card-stub>
      <div class="card-header">Projects</div>
      <div class="card-body">Lorem ipsum dolor sit amet, consectetur adipiscing elit, sed do eiusmod tempor incididunt ut labore et dolore magna aliqua.</div>
    </card-stub>
    <card-stub>
      <div class="card-header">Education</div>
      <div class="card-body">Lorem ipsum dolor sit amet, consectetur adipiscing elit, sed do eiusmod tempor incididunt ut labore et dolore magna aliqua.</div>
    </card-stub>
  </div>
</div>
`;
