// Jest Snapshot v1, https://goo.gl/fbAQLP

exports[`Index should match snapshot 1`] = `
<div>
  <div class="title">
    <h1 class="text-heading text-center">Jacob Daitzman</h1>
    <sub class="text-heading text-center">jdtzmn@gmail.com</sub>
  </div>
  <div class="row">
    <p class="text-body">Body</p>
    <event-list-stub></event-list-stub>
  </div>
</div>
`;
